C51 COMPILER V7.06   BUTTON_STATUS_DISPLAY_SERIAL_CONSOLE                                  06/09/2026 15:37:41 PAGE 1   


C51 COMPILER V7.06, COMPILATION OF MODULE BUTTON_STATUS_DISPLAY_SERIAL_CONSOLE
OBJECT MODULE PLACED IN Button_status_Display_Serial_console.OBJ
COMPILER INVOKED BY: C:\Keil\C51\BIN\C51.EXE Button_status_Display_Serial_console.c BROWSE DEBUG OBJECTEXTEND

stmt level    source

   1          /****************Control the LED by clicking the switch, and display the switch status on the serial port.
             -****************************/ 
   2          
   3          #include <reg51.h>
   4          #include <stdio.h>
   5          #include "stdint.h"          //standard intger file
   6          
   7          sbit SWT = P2^0;    //switch as input 
   8          sbit LED = P0^0;   //Led as output
   9          
  10          void Delay(uint8_t );
  11          void UART_Init();
  12          void UART_Tx(unsigned char);
  13          void UART_Txstr(uint8_t *);
  14          
  15          void main()
  16          {
  17   1          //uint8_t str[5],num=10,str1[10];
  18   1          P2 = 0xFF;     // set PORT2 as Input 
  19   1          P0 = 0x00;     // set PORT0 as Output
  20   1          UART_Init();   //Initthe uart
  21   1          while(1)
  22   1          {
  23   2              if(SWT == 0)
  24   2              {
  25   3                  UART_Txstr("Switch status = Switch pressed LED ON\n");// send switch status to serial console
  26   3                  LED = 0x01;
  27   3                  Delay(1000000);
  28   3                  
  29   3              }
  30   2              else
  31   2              {
  32   3                  UART_Txstr("Switch status = Switch not pressed LED OFF\n");// send switch status to serial con
             -sole
  33   3                  LED = 0x00;
  34   3                  Delay(1000000);
  35   3                  
  36   3              }
  37   2          }
  38   1      }
  39          
  40          void UART_Init()
  41          {
  42   1          TMOD = 0x20;   //Autoreload Barud rate
  43   1          SCON = 0x40;   //Timer 1 and recever bit enable
  44   1          TH1  = 0xFD;   //counting machine cycles for 9600 buard rate
  45   1          TR1  = 0x01;   //Enable Timer1
  46   1      
  47   1      }
  48          
  49          void UART_Tx(char ch)
  50          {
  51   1          SBUF = ch;     //put data into Serial buffer
  52   1          while(TI ==0); //wait until transmit finish
  53   1          TI = 0;        //Transmit complete make Transmit interput to zero
C51 COMPILER V7.06   BUTTON_STATUS_DISPLAY_SERIAL_CONSOLE                                  06/09/2026 15:37:41 PAGE 2   

  54   1      }
  55          
  56          
  57          void UART_Txstr(uint8_t *str)
  58          {
  59   1          while(*str)
  60   1          {
  61   2              UART_Tx(*str++);
  62   2          }
  63   1          Delay(10000000);
  64   1      }
  65          
  66          
  67          /**** 1sec delay **************/
  68          
  69          void Delay(uint8_t num)
  70          {
  71   1          uint8_t i,j;
  72   1          for(i=0;i<num;i++)
  73   1          {
  74   2            for(j=0;j<114;j++)
  75   2            {
  76   3            }
  77   2          }
  78   1      }


MODULE INFORMATION:   STATIC OVERLAYABLE
   CODE SIZE        =    126    ----
   CONSTANT SIZE    =     83    ----
   XDATA SIZE       =   ----    ----
   PDATA SIZE       =   ----    ----
   DATA SIZE        =   ----       3
   IDATA SIZE       =   ----    ----
   BIT SIZE         =   ----    ----
END OF MODULE INFORMATION.


C51 COMPILATION COMPLETE.  0 WARNING(S),  0 ERROR(S)
