BL51 BANKED LINKER/LOCATER V5.03                                                        06/09/2026  15:37:41  PAGE 1


BL51 BANKED LINKER/LOCATER V5.03, INVOKED BY:
C:\KEIL\C51\BIN\BL51.EXE .\STARTUP.obj, Button_status_Display_Serial_console.obj TO Button_status_Display_Serial_console
>>  RAMSIZE (256)


MEMORY MODEL: SMALL


INPUT MODULES INCLUDED:
  .\STARTUP.obj (?C_STARTUP)
  Button_status_Display_Serial_console.obj (BUTTON_STATUS_DISPLAY_SERIAL_CONSOLE)
  C:\KEIL\C51\LIB\C51S.LIB (?C?CLDPTR)


LINK MAP OF MODULE:  Button_status_Display_Serial_console (?C_STARTUP)


            TYPE    BASE      LENGTH    RELOCATION   SEGMENT NAME
            -----------------------------------------------------

            * * * * * * *   D A T A   M E M O R Y   * * * * * * *
            REG     0000H     0008H     ABSOLUTE     "REG BANK 0"
            DATA    0008H     0003H     UNIT         _DATA_GROUP_
            IDATA   000BH     0001H     UNIT         ?STACK

            * * * * * * *   C O D E   M E M O R Y   * * * * * * *
            CODE    0000H     0003H     ABSOLUTE     
                    0003H     07FDH                  *** GAP ***
            CODE    0800H     0053H     UNIT         ?CO?BUTTON_STATUS_DISPLAY_SERIAL_CONSOLE
            CODE    0853H     0030H     UNIT         ?PR?MAIN?BUTTON_STATUS_DISPLAY_SERIAL_CONSOLE
            CODE    0883H     0029H     UNIT         ?PR?_UART_TXSTR?BUTTON_STATUS_DISPLAY_SERIAL_CONSOLE
            CODE    08ACH     0019H     UNIT         ?C?LIB_CODE
            CODE    08C5H     0011H     UNIT         ?PR?_DELAY?BUTTON_STATUS_DISPLAY_SERIAL_CONSOLE
            CODE    08D6H     000CH     UNIT         ?C_C51STARTUP
            CODE    08E2H     000CH     UNIT         ?PR?UART_INIT?BUTTON_STATUS_DISPLAY_SERIAL_CONSOLE
            CODE    08EEH     0008H     UNIT         ?PR?_UART_TX?BUTTON_STATUS_DISPLAY_SERIAL_CONSOLE



OVERLAY MAP OF MODULE:   Button_status_Display_Serial_console (?C_STARTUP)


SEGMENT                                            DATA_GROUP 
  +--> CALLED SEGMENT                            START    LENGTH
----------------------------------------------------------------
?C_C51STARTUP                                    -----    -----
  +--> ?PR?MAIN?BUTTON_STATUS_DISPLAY_SERIAL...

?PR?MAIN?BUTTON_STATUS_DISPLAY_SERIAL...         -----    -----
  +--> ?PR?UART_INIT?BUTTON_STATUS_DISPLAY_S...
  +--> ?CO?BUTTON_STATUS_DISPLAY_SERIAL_CONSOLE
  +--> ?PR?_UART_TXSTR?BUTTON_STATUS_DISPLAY...
  +--> ?PR?_DELAY?BUTTON_STATUS_DISPLAY_SERI...

?PR?_UART_TXSTR?BUTTON_STATUS_DISPLAY...         0008H    0003H
  +--> ?PR?_UART_TX?BUTTON_STATUS_DISPLAY_SE...
  +--> ?PR?_DELAY?BUTTON_STATUS_DISPLAY_SERI...

BL51 BANKED LINKER/LOCATER V5.03                                                      06/09/2026  15:37:41  PAGE 2




SYMBOL TABLE OF MODULE:  Button_status_Display_Serial_console (?C_STARTUP)

  VALUE           TYPE          NAME
  ----------------------------------

  -------         MODULE        ?C_STARTUP
  C:08D6H         SEGMENT       ?C_C51STARTUP
  I:000BH         SEGMENT       ?STACK
  C:0000H         PUBLIC        ?C_STARTUP
  D:00E0H         SYMBOL        ACC
  D:00F0H         SYMBOL        B
  D:0083H         SYMBOL        DPH
  D:0082H         SYMBOL        DPL
  N:0000H         SYMBOL        IBPSTACK
  N:0100H         SYMBOL        IBPSTACKTOP
  N:0080H         SYMBOL        IDATALEN
  C:08D9H         SYMBOL        IDATALOOP
  N:0000H         SYMBOL        PBPSTACK
  N:0000H         SYMBOL        PBPSTACKTOP
  N:0000H         SYMBOL        PDATALEN
  N:0000H         SYMBOL        PDATASTART
  N:0000H         SYMBOL        PPAGE
  N:0000H         SYMBOL        PPAGEENABLE
  D:00A0H         SYMBOL        PPAGE_SFR
  D:0081H         SYMBOL        SP
  C:08D6H         SYMBOL        STARTUP1
  N:0000H         SYMBOL        XBPSTACK
  N:0000H         SYMBOL        XBPSTACKTOP
  N:0000H         SYMBOL        XDATALEN
  N:0000H         SYMBOL        XDATASTART
  C:0000H         LINE#         92
  C:08D6H         LINE#         99
  C:08D8H         LINE#         100
  C:08D9H         LINE#         101
  C:08DAH         LINE#         102
  C:08DCH         LINE#         151
  C:08DFH         LINE#         155
  -------         ENDMOD        ?C_STARTUP

  -------         MODULE        BUTTON_STATUS_DISPLAY_SERIAL_CONSOLE
  C:0000H         SYMBOL        _ICE_DUMMY_
  B:00A0H.0       PUBLIC        SWT
  D:0080H         PUBLIC        P0
  D:00A0H         PUBLIC        P2
  B:0098H.1       PUBLIC        TI
  C:0883H         PUBLIC        _UART_Txstr
  C:0853H         PUBLIC        main
  D:0099H         PUBLIC        SBUF
  C:08E2H         PUBLIC        UART_Init
  D:0098H         PUBLIC        SCON
  D:0089H         PUBLIC        TMOD
  C:08EEH         PUBLIC        _UART_Tx
  D:008DH         PUBLIC        TH1
  C:08C5H         PUBLIC        _Delay
  B:0080H.0       PUBLIC        LED
BL51 BANKED LINKER/LOCATER V5.03                                                      06/09/2026  15:37:41  PAGE 3


  B:0088H.6       PUBLIC        TR1
  -------         PROC          MAIN
  C:0853H         LINE#         15
  C:0853H         LINE#         16
  C:0853H         LINE#         18
  C:0856H         LINE#         19
  C:0859H         LINE#         20
  C:085CH         LINE#         21
  C:085CH         LINE#         22
  C:085CH         LINE#         23
  C:085FH         LINE#         24
  C:085FH         LINE#         25
  C:0868H         LINE#         26
  C:086AH         LINE#         27
  C:086FH         LINE#         29
  C:0871H         LINE#         31
  C:0871H         LINE#         32
  C:087AH         LINE#         33
  C:087CH         LINE#         34
  C:0881H         LINE#         36
  C:0881H         LINE#         37
  -------         ENDPROC       MAIN
  -------         PROC          UART_INIT
  C:08E2H         LINE#         40
  C:08E2H         LINE#         41
  C:08E2H         LINE#         42
  C:08E5H         LINE#         43
  C:08E8H         LINE#         44
  C:08EBH         LINE#         45
  C:08EDH         LINE#         47
  -------         ENDPROC       UART_INIT
  -------         PROC          _UART_TX
  D:0007H         SYMBOL        ch
  C:08EEH         LINE#         49
  C:08EEH         LINE#         50
  C:08EEH         LINE#         51
  C:08F0H         LINE#         52
  C:08F3H         LINE#         53
  C:08F5H         LINE#         54
  -------         ENDPROC       _UART_TX
  -------         PROC          _UART_TXSTR
  D:0008H         SYMBOL        str
  C:0883H         LINE#         57
  C:0889H         LINE#         58
  C:0889H         LINE#         59
  C:0894H         LINE#         60
  C:0894H         LINE#         61
  C:08A5H         LINE#         62
  C:08A7H         LINE#         63
  -------         ENDPROC       _UART_TXSTR
  -------         PROC          _DELAY
  D:0007H         SYMBOL        num
  -------         DO            
  D:0006H         SYMBOL        i
  D:0005H         SYMBOL        j
  -------         ENDDO         
  C:08C5H         LINE#         69
BL51 BANKED LINKER/LOCATER V5.03                                                      06/09/2026  15:37:41  PAGE 4


  C:08C5H         LINE#         70
  C:08C5H         LINE#         72
  C:08CCH         LINE#         73
  C:08CCH         LINE#         74
  C:08CEH         LINE#         75
  C:08CEH         LINE#         76
  C:08D2H         LINE#         77
  C:08D5H         LINE#         78
  -------         ENDPROC       _DELAY
  -------         ENDMOD        BUTTON_STATUS_DISPLAY_SERIAL_CONSOLE

  -------         MODULE        ?C?CLDPTR
  C:08ACH         PUBLIC        ?C?CLDPTR
  -------         ENDMOD        ?C?CLDPTR

******************************************************************************
* RESTRICTED VERSION WITH 0800H BYTE CODE SIZE LIMIT; USED: 00E9H BYTE (11%) *
******************************************************************************

Program Size: data=12.0 xdata=0 code=249
LINK/LOCATE RUN COMPLETE.  0 WARNING(S),  0 ERROR(S)
